../Core/Src/main.cpp:89:5:int main()	24	static,ignoring_inline_asm
../Core/Src/main.cpp:174:6:void SystemClock_Config()	88	static
../Core/Src/main.cpp:220:13:void MX_I2C1_Init()	8	static
../Core/Src/main.cpp:254:13:void MX_I2S3_Init()	8	static
../Core/Src/main.cpp:288:13:void MX_SPI1_Init()	8	static
../Core/Src/main.cpp:326:13:void MX_GPIO_Init()	56	static
../Core/Src/main.cpp:429:13:void button_task(void*)	16	static
../Core/Src/main.cpp:449:13:void led_green_handler(void*)	16	static
../Core/Src/main.cpp:463:17:void HAL_GPIO_EXTI_Callback(uint16_t)	24	static,ignoring_inline_asm
../Core/Src/main.cpp:497:6:void StartDefaultTask(void*)	16	static
../Core/Src/main.cpp:518:6:void HAL_TIM_PeriodElapsedCallback(TIM_HandleTypeDef*)	16	static
../Core/Src/main.cpp:535:6:void Error_Handler()	4	static,ignoring_inline_asm
