../Src/syscalls.c:44:6:initialise_monitor_handles	4	static
../Src/syscalls.c:48:5:_getpid	4	static
../Src/syscalls.c:84:6:usart_write	16	static
../Src/syscalls.c:92:5:_kill	16	static
../Src/syscalls.c:100:6:_exit	16	static
../Src/syscalls.c:106:27:_read	32	static
../Src/syscalls.c:119:27:_write	32	static
../Src/syscalls.c:140:5:_close	16	static
../Src/syscalls.c:147:5:_fstat	16	static
../Src/syscalls.c:154:5:_isatty	16	static
../Src/syscalls.c:160:5:_lseek	24	static
../Src/syscalls.c:168:5:_open	12	static
../Src/syscalls.c:176:5:_wait	16	static
../Src/syscalls.c:183:5:_unlink	16	static
../Src/syscalls.c:190:5:_times	16	static
../Src/syscalls.c:196:5:_stat	16	static
../Src/syscalls.c:203:5:_link	16	static
../Src/syscalls.c:211:5:_fork	8	static
../Src/syscalls.c:217:5:_execve	24	static
