../Src/main.cpp:46:14:static void GPIO::enable_clock()	8	static
../Src/main.cpp:52:14:static void GPIO::enable_moder(uint32_t)	16	static
../Src/main.cpp:59:14:static void GPIO::toggle(uint32_t)	24	static
../Src/main.cpp:75:6:void delay()	16	static
../Src/main.cpp:79:5:int main()	16	static
../Src/main.cpp:23:33:static volatile uint32_t& Register<address>::value() [with long unsigned int address = 1073887280]	4	static
../Src/main.cpp:23:33:static volatile uint32_t& Register<address>::value() [with long unsigned int address = 1073875968]	4	static
../Src/main.cpp:23:33:static volatile uint32_t& Register<address>::value() [with long unsigned int address = 1073872896]	4	static
../Src/main.cpp:23:33:static volatile uint32_t& Register<address>::value() [with long unsigned int address = 1073872912]	4	static
../Src/main.cpp:23:33:static volatile uint32_t& Register<address>::value() [with long unsigned int address = 1073875988]	4	static
