../Src/main.cpp:17:5:Subject::Subject()	16	static
../Src/main.cpp:19:10:void Subject::init()	24	static
../Src/main.cpp:46:10:void Subject::attach(Observer*)	16	static
../Src/main.cpp:54:10:void Subject::notify()	24	static
../Src/main.cpp:62:10:void Subject::set_event()	16	static
../Src/main.cpp:67:10:void Subject::process()	16	static
../Src/main.cpp:80:10:virtual void LED::update()	24	static
../Src/main.cpp:95:17:void EXTI0_IRQHandler()	8	static
../Src/main.cpp:105:5:int main()	16	static
../Src/main.cpp:116:1:void __static_initialization_and_destruction_0()	8	static
../Src/main.cpp:116:1:cpp)	8	static
