../Core/Src/main.cpp:99:5:int main()	24	static,ignoring_inline_asm
../Core/Src/main.cpp:199:6:void SystemClock_Config()	88	static
../Core/Src/main.cpp:245:13:void MX_I2C1_Init()	8	static
../Core/Src/main.cpp:279:13:void MX_I2S3_Init()	8	static
../Core/Src/main.cpp:313:13:void MX_SPI1_Init()	8	static
../Core/Src/main.cpp:351:13:void MX_GPIO_Init()	56	static
../Core/Src/main.cpp:454:13:void Entry_task(void*)	16	static
../Core/Src/main.cpp:470:13:void Exit_task(void*)	16	static
../Core/Src/main.cpp:518:17:void HAL_GPIO_EXTI_Callback(uint16_t)	24	static,ignoring_inline_asm
../Core/Src/main.cpp:556:6:void StartDefaultTask(void*)	16	static
../Core/Src/main.cpp:577:6:void HAL_TIM_PeriodElapsedCallback(TIM_HandleTypeDef*)	16	static
../Core/Src/main.cpp:594:6:void Error_Handler()	4	static,ignoring_inline_asm
