12:54:16 **** Build of configuration Debug for project GPIO_Struct_Modre ****
make -j8 all 
arm-none-eabi-gcc -mcpu=cortex-m4 -g3 -DDEBUG -c -x assembler-with-cpp -MMD -MP -MF"Startup/startup_stm32f407vgtx.d" -MT"Startup/startup_stm32f407vgtx.o" --specs=nano.specs -mfpu=fpv4-sp-d16 -mfloat-abi=hard -mthumb -o "Startup/startup_stm32f407vgtx.o" "../Startup/startup_stm32f407vgtx.s"
arm-none-eabi-g++ "../Src/main.cpp" -mcpu=cortex-m4 -std=c++20 -g3 -DDEBUG -DSTM32 -DSTM32F4 -DSTM32F407VGTx -c -I../Inc -O0 -ffunction-sections -fdata-sections -fno-exceptions -fno-rtti -fno-use-cxa-atexit -Wall -fstack-usage -fcyclomatic-complexity -MMD -MP -MF"Src/main.d" -MT"Src/main.o" --specs=nano.specs -mfpu=fpv4-sp-d16 -mfloat-abi=hard -mthumb -o "Src/main.o"
arm-none-eabi-gcc "../Src/syscalls.c" -mcpu=cortex-m4 -std=gnu11 -g3 -DDEBUG -DSTM32 -DSTM32F4 -DSTM32F407VGTx -c -I../Inc -O0 -ffunction-sections -fdata-sections -Wall -fstack-usage -fcyclomatic-complexity -MMD -MP -MF"Src/syscalls.d" -MT"Src/syscalls.o" --specs=nano.specs -mfpu=fpv4-sp-d16 -mfloat-abi=hard -mthumb -o "Src/syscalls.o"
arm-none-eabi-gcc "../Src/sysmem.c" -mcpu=cortex-m4 -std=gnu11 -g3 -DDEBUG -DSTM32 -DSTM32F4 -DSTM32F407VGTx -c -I../Inc -O0 -ffunction-sections -fdata-sections -Wall -fstack-usage -fcyclomatic-complexity -MMD -MP -MF"Src/sysmem.d" -MT"Src/sysmem.o" --specs=nano.specs -mfpu=fpv4-sp-d16 -mfloat-abi=hard -mthumb -o "Src/sysmem.o"
../Src/main.cpp: In static member function 'static void GPIO::toggle(uint32_t)':
../Src/main.cpp:66:71: warning: '++' expression of 'volatile'-qualified type is deprecated [-Wvolatile]
   66 |                         for(volatile std::uint32_t i = 0; i < 300000; i++);
      |                                                                       ^
../Src/main.cpp:71:71: warning: '++' expression of 'volatile'-qualified type is deprecated [-Wvolatile]
   71 |                         for(volatile std::uint32_t i = 0; i < 300000; i++);
      |                                                                       ^
../Src/main.cpp: In function 'void delay()':
../Src/main.cpp:77:55: warning: '++' expression of 'volatile'-qualified type is deprecated [-Wvolatile]
   77 |         for(volatile std::uint32_t i = 0; i < 300000; i++); //volatile- donit optimise the code
      |                                                       ^
arm-none-eabi-g++ -o "GPIO_Struct_Modre.elf" @"objects.list"   -mcpu=cortex-m4 -T"/home/mirafra/STM32CubeIDE/workspace_2.1.1/GPIO_Struct_Modre/STM32F407VGTX_FLASH.ld" --specs=nosys.specs -Wl,-Map="GPIO_Struct_Modre.map" -Wl,--gc-sections -static --specs=nano.specs -mfpu=fpv4-sp-d16 -mfloat-abi=hard -mthumb -Wl,--start-group -lc -lm -lstdc++ -lsupc++ -Wl,--end-group
Finished building target: GPIO_Struct_Modre.elf
 
arm-none-eabi-size  GPIO_Struct_Modre.elf 
arm-none-eabi-objdump -h -S GPIO_Struct_Modre.elf  > "GPIO_Struct_Modre.list"
   text	   data	    bss	    dec	    hex	filename
   1112	      0	   1568	   2680	    a78	GPIO_Struct_Modre.elf
Finished building: default.size.stdout
 
Finished building: GPIO_Struct_Modre.list
 

12:54:16 Build Finished. 0 errors, 3 warnings. (took 177ms)

