12:54:54 **** Build of configuration Debug for project hardfault ****
make -j8 all 
arm-none-eabi-gcc -mcpu=cortex-m4 -g3 -DDEBUG -c -x assembler-with-cpp -MMD -MP -MF"Startup/startup_stm32f407vgtx.d" -MT"Startup/startup_stm32f407vgtx.o" --specs=nano.specs -mfpu=fpv4-sp-d16 -mfloat-abi=hard -mthumb -o "Startup/startup_stm32f407vgtx.o" "../Startup/startup_stm32f407vgtx.s"
arm-none-eabi-g++ "../Src/main.cpp" -mcpu=cortex-m4 -std=gnu++14 -g3 -DDEBUG -DSTM32 -DSTM32F407G_DISC1 -DSTM32F4 -DSTM32F407VGTx -c -I../Inc -O0 -ffunction-sections -fdata-sections -fno-exceptions -fno-rtti -fno-use-cxa-atexit -Wall -fstack-usage -fcyclomatic-complexity -MMD -MP -MF"Src/main.d" -MT"Src/main.o" --specs=nano.specs -mfpu=fpv4-sp-d16 -mfloat-abi=hard -mthumb -o "Src/main.o"
arm-none-eabi-gcc "../Src/syscalls.c" -mcpu=cortex-m4 -std=gnu11 -g3 -DDEBUG -DSTM32 -DSTM32F407G_DISC1 -DSTM32F4 -DSTM32F407VGTx -c -I../Inc -O0 -ffunction-sections -fdata-sections -Wall -fstack-usage -fcyclomatic-complexity -MMD -MP -MF"Src/syscalls.d" -MT"Src/syscalls.o" --specs=nano.specs -mfpu=fpv4-sp-d16 -mfloat-abi=hard -mthumb -o "Src/syscalls.o"
arm-none-eabi-gcc "../Src/sysmem.c" -mcpu=cortex-m4 -std=gnu11 -g3 -DDEBUG -DSTM32 -DSTM32F407G_DISC1 -DSTM32F4 -DSTM32F407VGTx -c -I../Inc -O0 -ffunction-sections -fdata-sections -Wall -fstack-usage -fcyclomatic-complexity -MMD -MP -MF"Src/sysmem.d" -MT"Src/sysmem.o" --specs=nano.specs -mfpu=fpv4-sp-d16 -mfloat-abi=hard -mthumb -o "Src/sysmem.o"
../Src/main.cpp: In function 'int main()':
../Src/main.cpp:28:15: warning: unused variable 'pCCR' [-Wunused-variable]
   28 |     uint32_t *pCCR = (uint32_t*)0xE000ED14;
      |               ^~~~
../Src/main.cpp: In function 'void HardFault_Handler_c(uint32_t*)':
../Src/main.cpp:87:51: warning: format '%lx' expects argument of type 'long unsigned int', but argument 2 has type 'int' [-Wformat=]
   87 |     printf("statu of usagefault in hardfault  = %lx\n",status);
      |                                                 ~~^    ~~~~~~
      |                                                   |    |
      |                                                   |    int
      |                                                   long unsigned int
      |                                                 %x
arm-none-eabi-g++ -o "hardfault.elf" @"objects.list"   -mcpu=cortex-m4 -T"/home/mirafra/STM32CubeIDE/workspace_2.1.1/hardfault/STM32F407VGTX_FLASH.ld" --specs=nosys.specs -Wl,-Map="hardfault.map" -Wl,--gc-sections -static --specs=nano.specs -mfpu=fpv4-sp-d16 -mfloat-abi=hard -mthumb -Wl,--start-group -lc -lm -lstdc++ -lsupc++ -Wl,--end-group
Finished building target: hardfault.elf
 
arm-none-eabi-size  hardfault.elf 
arm-none-eabi-objdump -h -S hardfault.elf  > "hardfault.list"
   text	   data	    bss	    dec	    hex	filename
   5840	     92	   1900	   7832	   1e98	hardfault.elf
Finished building: default.size.stdout
 
Finished building: hardfault.list
 

12:54:55 Build Finished. 0 errors, 2 warnings. (took 232ms)

